C51 COMPILER V9.60.7.0   MAIN                                                              04/29/2024 08:52:22 PAGE 1   


C51 COMPILER V9.60.7.0, COMPILATION OF MODULE MAIN
OBJECT MODULE PLACED IN .\outputs\main.obj
COMPILER INVOKED BY: D:\Keil_v5\C51\BIN\C51.EXE main.c LARGE OPTIMIZE(8,SPEED) BROWSE DEBUG OBJECTEXTEND OBJECT(.\output
                    -s\main.obj)

line level    source

   1          
   2          //#include "iic.h"
   3          #include "mpu6050.h"
   4          
   5          sbit LED    = P3^5;
   6          sbit SWITCH = P3^6;
   7          sbit KEY1   = P3^3;
   8          sbit KEY2   = P3^2;
   9          
  10          u8 _K1 = 0,_K2 = 0;
  11          u8 KEY1_DOWN=0,KEY2_DOWN=0;
  12          
  13          //运放电压与温度对应表  0  50  100  150  200  250  300  350  400  450
  14          //  adc
  15          //  |
  16          //      |____temp
  17          // 当前温度曲线为西安头
  18          #define TEMPMAPNUM 10
  19          static struct temperature_map{
  20                  int temp;
  21                  int adc;
  22                  float k;
  23                  float b;
  24          }temp_map[TEMPMAPNUM] = {{0,0},
  25                                                          {50,90},
  26                                                          {100,254},
  27                                                          {150,350},
  28                                                          {200,488},
  29                                                          {250,620},
  30                                                          {300,786},
  31                                                          {350,922},
  32                                                          {400,1060},
  33                                                          {450,1250}};
  34                  
  35          #define ADCARRAYNUM 5       //t12 adc数组
  36          #define SLEEPTIME   300     //休眠时间（秒）
  37          #define CLOSETIME   600     //关闭时间（秒）
  38          #define MPUGRYLIEMT 20      //mpu6050震动范围（判断静置状态）
  39          #define PWMHZ       10      //当前加热频率
  40          
  41          
  42          void gpio_init(void);
  43          void ADC_init(void);
  44          u16 ADC_get_val(u8 channel);
  45          u16 temp2adcval(u16 temperature);
  46          u16 adc2tempval(u16 adcval);
  47          int get_pwmval_with_pid(u16 adcvalt12, u16 adcvalwant, s16 pwmmax);
  48          void Timer0_Init(void);
  49          s16 abs(s16 num);
  50                                                          
  51                                                          
  52          #if 1
  53          int main()
  54          {
C51 COMPILER V9.60.7.0   MAIN                                                              04/29/2024 08:52:22 PAGE 2   

  55   1              s16 PWMVAL = 0, pwmtime = 0;
  56   1              float powerval=0;
  57   1              u32 t12adc_val[ADCARRAYNUM] = {0}, t12adc_max, t12adc_min, t12adc_all, t12adc_average, t12adc_i=0;   //ad
             -c均值滤波  adc电压单位mV
  58   1              u16 temp_want = 350,temp_set=350,adc_want;
  59   1              s16 mpu_data=0,mpu_data_diff=0,mpu_data_last=0,mpu_time,mpu_temp;
  60   1              u8 i;
  61   1              
  62   1      
  63   1              for(i=0;i<TEMPMAPNUM-1;i++)
  64   1              {
  65   2                      temp_map[i].k = (temp_map[i+1].adc-temp_map[i].adc)/50.0f;
  66   2                      temp_map[i].b = temp_map[i].adc-temp_map[i].k*temp_map[i].temp;
  67   2              }
  68   1              
  69   1              gpio_init();
  70   1              OLED_Init();
  71   1              ADC_init();
  72   1              Timer0_Init();
  73   1              InitMPU6050();
  74   1              
  75   1              EA = 1;
  76   1              SWITCH = 0;
  77   1      
  78   1              OLED_ShowString(72,0,"Set:",8);
  79   1              OLED_ShowString(72,1,"Pow:",8);
  80   1              OLED_ShowString(72,2,"Slp:",8);
  81   1              OLED_ShowNum(102,0,temp_want,3,8);
  82   1      
  83   1      
  84   1              //计算当前电源电压并显示
  85   1              powerval = ADC_get_val(1);
  86   1              powerval = (powerval*3300)/4096;
  87   1              powerval = powerval/1000*11.2;
  88   1              OLED_ShowNum(102,1,powerval*10,3,8);
  89   1              
  90   1              
  91   1              
  92   1              while(1)
  93   1              {
  94   2                      //加热
  95   2                      if(pwmtime<PWMVAL)
  96   2                      {
  97   3                              SWITCH = 1;
  98   3                              LED = 0;
  99   3                      }
 100   2                      //断开
 101   2                      else
 102   2                      {
 103   3                              SWITCH = 0;
 104   3                              LED = 1;
 105   3                      }
 106   2                      delay_us(40);
 107   2                      pwmtime++;
 108   2                      if(pwmtime==2501)  //40*2500=100000us = 100ms = 10Hz
 109   2                      {
 110   3                              pwmtime = 0;
 111   3                              //静止时间检测
 112   3                              mpu_data = GetData(MPU_GYRO_YOUTH_REG);
 113   3                              mpu_data_diff = mpu_data - mpu_data_last;
 114   3                              mpu_data_last = mpu_data;
 115   3                              if(abs(mpu_data_diff)<MPUGRYLIEMT)
C51 COMPILER V9.60.7.0   MAIN                                                              04/29/2024 08:52:22 PAGE 3   

 116   3                              {
 117   4                                      mpu_time++;
 118   4                              }
 119   3                              else
 120   3                                      mpu_time=0;
 121   3                              
 122   3                              //休眠、关闭、加热状态切换
 123   3                              if(mpu_time/PWMHZ>CLOSETIME)
 124   3                                      temp_want = 0;
 125   3                              else if(mpu_time/PWMHZ>SLEEPTIME)
 126   3                                      temp_want = 200;
 127   3                              else
 128   3                                      temp_want = temp_set;
 129   3                                      
 130   3                              
 131   3                              //非全速加热时显示一些非必要数据
 132   3                              if((2500-PWMVAL)>1000)
 133   3                              {
 134   4      //                              //计算当前电源电压并显示
 135   4      //                              powerval = ADC_get_val(1);
 136   4      //                              powerval = (powerval*3300)/4096;
 137   4      //                              powerval = powerval/10000*100;
 138   4      //                              OLED_ShowNum(102,1,powerval*10,3,8);
 139   4      //                              //mpu6050温度传感器温度
 140   4      //                              mpu_temp = MPU_Get_Temperature();
 141   4      //                              OLED_ShowNum(102,2,mpu_temp,3,8);
 142   4                                      //显示静置时长
 143   4                                      OLED_ShowNum(102,2,mpu_time/PWMHZ,3,8);
 144   4                              }
 145   3      
 146   3                              //根据设定的温度获取T12热电偶电压值（adc值）
 147   3                              adc_want = temp2adcval(temp_want);
 148   3      
 149   3                              //adc滤波数组去掉最大最小值，求均值
 150   3                              t12adc_max=t12adc_val[0];
 151   3                              t12adc_min=t12adc_val[0];
 152   3                              t12adc_all = 0;
 153   3                              for(i=0;i<ADCARRAYNUM;i++)
 154   3                              {
 155   4                                      if(t12adc_val[i]<t12adc_min)
 156   4                                              t12adc_min = t12adc_val[i];
 157   4                                      if(t12adc_val[i]>t12adc_max)
 158   4                                              t12adc_max = t12adc_val[i];
 159   4                                      t12adc_all += t12adc_val[i];
 160   4                              }
 161   3                              t12adc_average = (t12adc_all-t12adc_max-t12adc_min)/(ADCARRAYNUM-2);
 162   3                              //PID控制PWM加热占空比
 163   3                              PWMVAL = get_pwmval_with_pid(t12adc_average,adc_want,2500);
 164   3                              //显示当前温度
 165   3                              OLED_ShowNum(32,0,adc2tempval(t12adc_average),3,16);
 166   3                              //adc
 167   3                              //OLED_ShowNum(32,0,t12adc_average,4,16);
 168   3      
 169   3                              //计算运算放大器输出电压 && 填充数组
 170   3                              t12adc_val[t12adc_i] = ADC_get_val(0);
 171   3                              t12adc_val[t12adc_i] = (t12adc_val[t12adc_i]*3300)/4096;
 172   3                              t12adc_i++;
 173   3                              if(t12adc_i==ADCARRAYNUM)
 174   3                                      t12adc_i = 0;
 175   3                              
 176   3                              //按键检测
 177   3                              if(KEY1_DOWN&&KEY2_DOWN)  //同时按下
C51 COMPILER V9.60.7.0   MAIN                                                              04/29/2024 08:52:22 PAGE 4   

 178   3                              {
 179   4                                      KEY1_DOWN = 0;
 180   4                                      KEY2_DOWN = 0;
 181   4                                      
 182   4                              }
 183   3                              if(KEY1_DOWN)   //KEY1按下
 184   3                              {
 185   4                                      temp_want+=KEY1_DOWN;
 186   4                                      if(temp_want>450)
 187   4                                              temp_want = 450;
 188   4                                      temp_set = temp_want;
 189   4                                      OLED_ShowNum(102,0,temp_want,3,8);
 190   4                                      KEY1_DOWN = 0;
 191   4                              }
 192   3                              if(KEY2_DOWN)  //KEY2按下
 193   3                              {
 194   4                                      temp_want-=KEY2_DOWN;
 195   4                                      if(temp_want<0)
 196   4                                              temp_want = 0;
 197   4                                      temp_set = temp_want;
 198   4                                      OLED_ShowNum(102,0,temp_want,3,8);
 199   4                                      KEY2_DOWN = 0;
 200   4                              }
 201   3                      }
 202   2              }
 203   1      }
*** WARNING C280 IN LINE 59 OF main.c: 'mpu_temp': unreferenced local variable
 204          #else
              //硬件测试
              int main()
              {
                      u8 flag=0,ret;
                      s16 mpu_data,mpu_temp;
                      float powerval;
                      
                      gpio_init();
                      OLED_Init();
                      ADC_init();
                      Timer0_Init();
                      ret = InitMPU6050();
                      OLED_ShowNum(10,2,ret,3,8);
                      
                      EA = 1;
                      SWITCH = 0;
                      
                      while(1)
                      {
                              mpu_data = GetData(MPU_GYRO_YOUTH_REG);
                              mpu_temp = MPU_Get_Temperature();
              
                              if(mpu_data<0)
                              {
                                      mpu_data = -mpu_data;
                                      OLED_ShowString(0,0,"-",8);
                              }
                              else
                              {
                                      OLED_ShowString(0,0,"+",8);
                              }
                                      
                              OLED_ShowNum(10,0,mpu_data,5,8);
                              OLED_ShowNum(72,0,mpu_temp,4,8);
C51 COMPILER V9.60.7.0   MAIN                                                              04/29/2024 08:52:22 PAGE 5   

                              
                              
                              //计算当前电源电压并显示
                              powerval = ADC_get_val(1);
                              powerval = (powerval*3300)/4096;
                              powerval = powerval/10000*100;
                              OLED_ShowNum(10,1,powerval*10,3,8);
                              
                              if(flag==1)
                              {
                                      SWITCH = 1;
                                      LED = 0;
                                      flag = 0;
                              }
                              else
                              {
                                      SWITCH = 0;
                                      LED = 1;
                                      flag = 1;
                              }
                              
                              delay_ms(60);
                      }
              }
              #endif
 264          
 265          
 266          void gpio_init(void)
 267          {
 268   1              P_SW2 |= 0x80;     //使能访问 XFR
 269   1              
 270   1              P3M0 |= (3<<5);    //设置 P3.5  P3.6为推挽模式   LED & SWITCH
 271   1              P3M1 &= ~(3<<5);
 272   1              
 273   1              P1M0 |= (3<<4);    //设置 P1.4  P1.5为开漏模式   IIC 带上拉电阻
 274   1              P1M1 |= (3<<4);
 275   1              
 276   1              P1M0 &= ~(3<<0);   //设置 P1.0  P1.1为高阻输入   ADC
 277   1              P1M1 |= (3<<0);
 278   1              
 279   1              P3M0 &= ~(3<<2);    //设置 P3.2  P3.3为准双向模式   KEY
 280   1              P3M1 &= ~(3<<2);
 281   1              
 282   1              KEY1=1;
 283   1              KEY2=1;
 284   1              SCL=1;
 285   1              SDA=1;
 286   1      }
 287          
 288          void ADC_init(void)
 289          {
 290   1              ADCTIM = 0x3f;//设置 ADC 内部时序
 291   1              ADCCFG = 0x0f;//设置 ADC 时钟为系统时钟/2/16
 292   1              ADC_CONTR = 0x80;//使能 ADC 模块
 293   1      }
 294          
 295          
 296          u16 ADC_get_val(u8 channel)
 297          {
 298   1              ADC_CONTR |= 0x40;        //启动 AD 转换
 299   1              
 300   1              ADC_CONTR &= ~(0xf);
C51 COMPILER V9.60.7.0   MAIN                                                              04/29/2024 08:52:22 PAGE 6   

 301   1              ADC_CONTR |= channel;
 302   1              
 303   1              _nop_();
 304   1              _nop_();
 305   1              while (!(ADC_CONTR & 0x20));//查询 ADC 完成标志
 306   1              ADC_CONTR &= ~0x20;         //清完成标志
 307   1              P2 = ADC_RES;               //读取 ADC 结果
 308   1              return (ADC_RES<<4)|(ADC_RESL>>4);
 309   1      }
 310          
 311          
 312          u16 temp2adcval(u16 temperature)
 313          {
 314   1              u8 i=0;
 315   1              
 316   1              for(i=0;i<TEMPMAPNUM-1;i++)
 317   1              {
 318   2                      if(temperature>=temp_map[i].temp&&temperature<temp_map[i+1].temp)
 319   2                      {
 320   3                              return temp_map[i].k*temperature+temp_map[i].b;
 321   3                      }
 322   2              }
 323   1              return temp_map[i].k*temperature+temp_map[i].b;
 324   1      }
 325          
 326          u16 adc2tempval(u16 adcval)
 327          {
 328   1              u8 i=0;
 329   1              
 330   1              for(i=0;i<TEMPMAPNUM-1;i++)
 331   1              {
 332   2                      if(adcval>=temp_map[i].adc&&adcval<temp_map[i+1].adc)
 333   2                      {
 334   3                              return (adcval-temp_map[i].b)/temp_map[i].k;
 335   3                      }
 336   2              }
 337   1              return (adcval-temp_map[i].b)/temp_map[i].k;
 338   1      }
 339          
 340          
 341          #define PVAL  25.0F
 342          #define IVAL  0.82F
 343          #define DVAL  1.20F
 344          #define INTEGRAL 1500
 345          int get_pwmval_with_pid(u16 adcvalt12, u16 adcvalwant, s16 pwmmax)
 346          {
 347   1              static s16  lasterror=0, integralval=0;
 348   1              s16 error,derror, pwmval=0;
 349   1              error = adcvalwant - adcvalt12;
 350   1              integralval += error;
 351   1              if(integralval>INTEGRAL)
 352   1                      integralval = INTEGRAL;
 353   1              if(integralval<-INTEGRAL)
 354   1                      integralval = -INTEGRAL;
 355   1              
 356   1              derror = error - lasterror;
 357   1              pwmval = PVAL*error + IVAL*integralval + DVAL*derror;
 358   1              lasterror = error;
 359   1              
 360   1              if(pwmval > pwmmax)
 361   1                      pwmval = pwmmax;
 362   1              return pwmval;
C51 COMPILER V9.60.7.0   MAIN                                                              04/29/2024 08:52:22 PAGE 7   

 363   1      }
 364          
 365          void Timer0_Isr(void) interrupt 1
 366          {
 367   1              if(KEY1==0){
 368   2                      _K1+=1;
 369   2              }else{
 370   2                      _K1=0;
 371   2              }
 372   1              if(KEY2==0){
 373   2                      _K2+=1;
 374   2              }else{
 375   2                      _K2=0;
 376   2              }
 377   1              if(_K1>80)
 378   1              {
 379   2                      _K1=0;
 380   2                      KEY1_DOWN+=1;
 381   2              }
 382   1              if(_K2>80)
 383   1              {
 384   2                      _K2=0;
 385   2                      KEY2_DOWN+=1;
 386   2              }
 387   1      }
 388          
 389          void Timer0_Init(void)          //1000微秒@40.000MHz
 390          {
 391   1              AUXR |= 0x80;                   //定时器时钟1T模式
 392   1              TMOD &= 0xF0;                   //设置定时器模式
 393   1              TL0 = 0xC0;                             //设置定时初始值
 394   1              TH0 = 0x63;                             //设置定时初始值
 395   1              TF0 = 0;                                //清除TF0标志
 396   1              TR0 = 1;                                //定时器0开始计时
 397   1              ET0 = 1;                                //使能定时器0中断
 398   1      }
 399          
 400          
 401          s16 abs(s16 num)
 402          {
 403   1              if(num<0)
 404   1                      return -num;
 405   1              else
 406   1                      return num;
 407   1      }
 408          
 409          
 410          


MODULE INFORMATION:   STATIC OVERLAYABLE
   CODE SIZE        =   2546    ----
   CONSTANT SIZE    =     35    ----
   XDATA SIZE       =    128      77
   PDATA SIZE       =   ----    ----
   DATA SIZE        =   ----    ----
   IDATA SIZE       =   ----    ----
   BIT SIZE         =   ----    ----
END OF MODULE INFORMATION.


C51 COMPILATION COMPLETE.  1 WARNING(S),  0 ERROR(S)
